[woman-jackets-tt.online-shop2021.com/index.html]
[backblue.gif]
[fade.gif]
[index.html]
[woman-jackets-tt.online-shop2021.com/favicon19b61.ico]
[code.jquery.com/jquery-3.4.1.js]
[woman-jackets-tt.online-shop2021.com/js/cart.js]
[cdnjs.cloudflare.com/ajax/libs/slick-carousel/1.8.1/slick-theme.min.css]
[cdnjs.cloudflare.com/ajax/libs/slick-carousel/1.8.1/slick.min.css]
[cdn.jsdelivr.net/npm/slick-carousel@1.8.1/slick/slick.min.js]
[online-shop2021.com/static/js/lt_landing_script.js]
[cdnjs.cloudflare.com/ajax/libs/datejs/1.0/date.min.js]
[woman-jackets-tt.online-shop2021.com/images/logo_19ee1.png]
[woman-jackets-tt.online-shop2021.com/cat/` + i + `.jpg]
[woman-jackets-tt.online-shop2021.com/images/order_imgcdba8.jpg]
[woman-jackets-tt.online-shop2021.com/images/ava16d34e.jpg]
[woman-jackets-tt.online-shop2021.com/images/ava28119c.jpg]
[woman-jackets-tt.online-shop2021.com/images/ava3b7930.jpg]
[woman-jackets-tt.online-shop2021.com/images/ava48a470.jpg]
[woman-jackets-tt.online-shop2021.com/img/ajax-loader.gif]
[woman-jackets-tt.online-shop2021.com/agreement.html]
[woman-jackets-tt.online-shop2021.com/politics.html]
[woman-jackets-tt.online-shop2021.com/rr.html]
[woman-jackets-tt.online-shop2021.com/js/plugins12e11.js]
[woman-jackets-tt.online-shop2021.com/js/libe9a41.js]
[woman-jackets-tt.online-shop2021.com/js/blazy.min04d9c.js]
[woman-jackets-tt.online-shop2021.com/js/owl.carousel.minf15ec.js]
[woman-jackets-tt.online-shop2021.com/js/jquery.fancybox.min83121.js]
[woman-jackets-tt.online-shop2021.com/js/scripts999d6.js]
[woman-jackets-tt.online-shop2021.com/index.html]
[woman-jackets-tt.online-shop2021.com/fonts/subset-MuseoSansCyrl-3005fee5.woff2]
[woman-jackets-tt.online-shop2021.com/fonts/subset-MuseoSansCyrl-300756e6.woff]
[woman-jackets-tt.online-shop2021.com/fonts/subset-MuseoSansCyrl-3008b0f9.ttf]
[woman-jackets-tt.online-shop2021.com/fonts/subset-MuseoSansCyrl-5008b502.woff2]
[woman-jackets-tt.online-shop2021.com/fonts/subset-MuseoSansCyrl-5000cd93.woff]
[woman-jackets-tt.online-shop2021.com/fonts/subset-MuseoSansCyrl-5001f65c.ttf]
[woman-jackets-tt.online-shop2021.com/fonts/subset-MuseoSansCyrl-700d7d5b.woff2]
[woman-jackets-tt.online-shop2021.com/fonts/subset-MuseoSansCyrl-700dd367.woff]
[woman-jackets-tt.online-shop2021.com/fonts/subset-MuseoSansCyrl-7008e4e0.ttf]
[woman-jackets-tt.online-shop2021.com/fonts/subset-MuseoSansCyrl-9008ac3b.woff2]
[woman-jackets-tt.online-shop2021.com/fonts/subset-MuseoSansCyrl-9008e780.woff]
[woman-jackets-tt.online-shop2021.com/fonts/subset-MuseoSansCyrl-90088fca.ttf]
[woman-jackets-tt.online-shop2021.com/css/MuseoSansd6ed0.css]
[woman-jackets-tt.online-shop2021.com/images/owl.video.playc0cbf.png]
[woman-jackets-tt.online-shop2021.com/css/owl.carousel.mine2943.css]
[woman-jackets-tt.online-shop2021.com/css/jquery.fancybox.min86de7.css]
[woman-jackets-tt.online-shop2021.com/images/slider__arrowsf77a3.png]
[woman-jackets-tt.online-shop2021.com/images/desctop__header_bg11275.jpg]
[woman-jackets-tt.online-shop2021.com/images/checkaf0da.png]
[woman-jackets-tt.online-shop2021.com/images/benef_icond2056.png]
[woman-jackets-tt.online-shop2021.com/images/x_icone08d3.png]
[woman-jackets-tt.online-shop2021.com/images/order_bged313.jpg]
[woman-jackets-tt.online-shop2021.com/images/order_info_icon610d7.png]
[woman-jackets-tt.online-shop2021.com/images/tablet__header_bg149d60.jpg]
[woman-jackets-tt.online-shop2021.com/images/mobile__header_bg7fccc.jpg]
[woman-jackets-tt.online-shop2021.com/images/mobile__gallery_bg85e3d.jpg]
[woman-jackets-tt.online-shop2021.com/css/styles298ef.css]
[cdnjs.cloudflare.com/ajax/libs/slick-carousel/1.8.1/ajax-loader.gif]
[cdnjs.cloudflare.com/ajax/libs/slick-carousel/1.8.1/fonts/slick.eot]
[cdnjs.cloudflare.com/ajax/libs/slick-carousel/1.8.1/fonts/slickd41d.eot]
[cdnjs.cloudflare.com/ajax/libs/slick-carousel/1.8.1/fonts/slick.woff]
[cdnjs.cloudflare.com/ajax/libs/slick-carousel/1.8.1/fonts/slick.ttf]
[cdnjs.cloudflare.com/ajax/libs/slick-carousel/1.8.1/slick-theme.min.css]
[cdnjs.cloudflare.com/ajax/libs/slick-carousel/1.8.1/fonts/slick.svg]
[cdnjs.cloudflare.com/ajax/libs/slick-carousel/1.8.1/slick.min.css]
[woman-jackets-tt.online-shop2021.com/cat/` + i + `.html]
[woman-jackets-tt.online-shop2021.com/agreement.html]
[woman-jackets-tt.online-shop2021.com/politics.html]
[woman-jackets-tt.online-shop2021.com/rr.html]
[blender.mboffers.ru/files/m/mboffers/blender/files/css/bootstrap.min.css]
[woman-jackets-tt.online-shop2021.com/fonts/robotothin1bb6c.woff2]
[woman-jackets-tt.online-shop2021.com/fonts/robotothinc1994.woff]
[woman-jackets-tt.online-shop2021.com/fonts/robotothin70afb.ttf]
[woman-jackets-tt.online-shop2021.com/fonts/robotothinitalic590fc.woff2]
[woman-jackets-tt.online-shop2021.com/fonts/robotothinitalic723d7.woff]
[woman-jackets-tt.online-shop2021.com/fonts/robotothinitalic274b9.ttf]
[woman-jackets-tt.online-shop2021.com/fonts/robotolight1dadf.woff2]
[woman-jackets-tt.online-shop2021.com/fonts/robotolight0620c.woff]
[woman-jackets-tt.online-shop2021.com/fonts/robotolight85040.ttf]
[woman-jackets-tt.online-shop2021.com/fonts/robotolightitalic83a8f.woff2]
[woman-jackets-tt.online-shop2021.com/fonts/robotolightitalicada8e.woff]
[woman-jackets-tt.online-shop2021.com/fonts/robotolightitalic3240d.ttf]
[woman-jackets-tt.online-shop2021.com/fonts/robotoe374a.woff2]
[woman-jackets-tt.online-shop2021.com/fonts/roboto70090.woff]
[woman-jackets-tt.online-shop2021.com/fonts/roboto3c245.ttf]
[woman-jackets-tt.online-shop2021.com/fonts/robotoitalic21554.woff2]
[woman-jackets-tt.online-shop2021.com/fonts/robotoitalicce905.woff]
[woman-jackets-tt.online-shop2021.com/fonts/robotoitalicfc375.ttf]
[woman-jackets-tt.online-shop2021.com/fonts/robotomedium1da8b.woff2]
[woman-jackets-tt.online-shop2021.com/fonts/robotomediumca32a.woff]
[woman-jackets-tt.online-shop2021.com/fonts/robotomedium2ffe6.ttf]
[woman-jackets-tt.online-shop2021.com/fonts/robotomediumitalicc1d4c.woff2]
[woman-jackets-tt.online-shop2021.com/fonts/robotomediumitalic8d7b3.woff]
[woman-jackets-tt.online-shop2021.com/fonts/robotomediumitalic84f25.ttf]
[woman-jackets-tt.online-shop2021.com/fonts/robotobolda870d.woff2]
[woman-jackets-tt.online-shop2021.com/fonts/robotoboldb6adf.woff]
[woman-jackets-tt.online-shop2021.com/fonts/robotobold1dc6b.ttf]
[woman-jackets-tt.online-shop2021.com/fonts/robotobolditalic26097.woff2]
[woman-jackets-tt.online-shop2021.com/fonts/robotobolditalic9e6f2.woff]
[woman-jackets-tt.online-shop2021.com/fonts/robotobolditalicb3d35.ttf]
[woman-jackets-tt.online-shop2021.com/fonts/robotoblackc1d0e.woff2]
[woman-jackets-tt.online-shop2021.com/fonts/robotoblack0047b.woff]
[woman-jackets-tt.online-shop2021.com/fonts/robotoblack38796.ttf]
[woman-jackets-tt.online-shop2021.com/fonts/robotoblackitalica36e1.woff2]
[woman-jackets-tt.online-shop2021.com/fonts/robotoblackitalic1603a.woff]
[woman-jackets-tt.online-shop2021.com/fonts/robotoblackitalic7dcda.ttf]
[woman-jackets-tt.online-shop2021.com/css/robotob4074.css]
[woman-jackets-tt.online-shop2021.com/fonts/subset-MuseoSansCyrl-300756e6.html]
[woman-jackets-tt.online-shop2021.com/fonts/subset-MuseoSansCyrl-3008b0f9.html]
[woman-jackets-tt.online-shop2021.com/fonts/subset-MuseoSansCyrl-5000cd93.html]
[woman-jackets-tt.online-shop2021.com/fonts/subset-MuseoSansCyrl-5001f65c.html]
[woman-jackets-tt.online-shop2021.com/fonts/subset-MuseoSansCyrl-700dd367.html]
[woman-jackets-tt.online-shop2021.com/fonts/subset-MuseoSansCyrl-7008e4e0.html]
[woman-jackets-tt.online-shop2021.com/fonts/subset-MuseoSansCyrl-9008ac3b.html]
[woman-jackets-tt.online-shop2021.com/fonts/subset-MuseoSansCyrl-9008e780.html]
[woman-jackets-tt.online-shop2021.com/fonts/subset-MuseoSansCyrl-90088fca.html]
[woman-jackets-tt.online-shop2021.com/images/owl.video.playc0cbf.html]
[woman-jackets-tt.online-shop2021.com/images/x_icone08d3.html]
[woman-jackets-tt.online-shop2021.com/images/mobile__gallery_bg85e3d.html]
[cdnjs.cloudflare.com/ajax/libs/slick-carousel/1.8.1/fonts/slick.svg]
[maxcdn.bootstrapcdn.com/bootstrap/2.3.2/img/glyphicons-halflings.png]
[maxcdn.bootstrapcdn.com/bootstrap/2.3.2/img/glyphicons-halflings-white.png]
[blender.mboffers.ru/files/m/mboffers/blender/files/css/bootstrap.min.css]
[woman-jackets-tt.online-shop2021.com/fonts/robotothin1bb6c.html]
[woman-jackets-tt.online-shop2021.com/fonts/robotothinc1994.html]
[woman-jackets-tt.online-shop2021.com/fonts/robotothin70afb.html]
[woman-jackets-tt.online-shop2021.com/fonts/robotothinitalic590fc.html]
[woman-jackets-tt.online-shop2021.com/fonts/robotothinitalic723d7.html]
[woman-jackets-tt.online-shop2021.com/fonts/robotothinitalic274b9.html]
[woman-jackets-tt.online-shop2021.com/fonts/robotolight1dadf.html]
[woman-jackets-tt.online-shop2021.com/fonts/robotolight0620c.html]
[woman-jackets-tt.online-shop2021.com/fonts/robotolight85040.html]
[woman-jackets-tt.online-shop2021.com/fonts/robotolightitalic83a8f.html]
[woman-jackets-tt.online-shop2021.com/fonts/robotolightitalicada8e.html]
[woman-jackets-tt.online-shop2021.com/fonts/robotolightitalic3240d.html]
[woman-jackets-tt.online-shop2021.com/fonts/robotoe374a.html]
[woman-jackets-tt.online-shop2021.com/fonts/roboto70090.html]
[woman-jackets-tt.online-shop2021.com/fonts/roboto3c245.html]
[woman-jackets-tt.online-shop2021.com/fonts/robotoitalic21554.html]
[woman-jackets-tt.online-shop2021.com/fonts/robotoitalicce905.html]
[woman-jackets-tt.online-shop2021.com/fonts/robotoitalicfc375.html]
[woman-jackets-tt.online-shop2021.com/fonts/robotomedium1da8b.html]
[woman-jackets-tt.online-shop2021.com/fonts/robotomediumca32a.html]
[woman-jackets-tt.online-shop2021.com/fonts/robotomedium2ffe6.html]
[woman-jackets-tt.online-shop2021.com/fonts/robotomediumitalicc1d4c.html]
[woman-jackets-tt.online-shop2021.com/fonts/robotomediumitalic8d7b3.html]
[woman-jackets-tt.online-shop2021.com/fonts/robotomediumitalic84f25.html]
[woman-jackets-tt.online-shop2021.com/fonts/robotobolda870d.html]
[woman-jackets-tt.online-shop2021.com/fonts/robotoboldb6adf.html]
[woman-jackets-tt.online-shop2021.com/fonts/robotobold1dc6b.html]
[woman-jackets-tt.online-shop2021.com/fonts/robotobolditalic26097.html]
[woman-jackets-tt.online-shop2021.com/fonts/robotobolditalic9e6f2.html]
[woman-jackets-tt.online-shop2021.com/fonts/robotobolditalicb3d35.html]
[woman-jackets-tt.online-shop2021.com/fonts/robotoblackc1d0e.html]
[woman-jackets-tt.online-shop2021.com/fonts/robotoblack0047b.html]
[woman-jackets-tt.online-shop2021.com/fonts/robotoblack38796.html]
[woman-jackets-tt.online-shop2021.com/fonts/robotoblackitalica36e1.html]
[woman-jackets-tt.online-shop2021.com/fonts/robotoblackitalic1603a.html]
[woman-jackets-tt.online-shop2021.com/fonts/robotoblackitalic7dcda.html]
