[sonmay.ru/index.html]
[backblue.gif]
[fade.gif]
[index.html]
[sonmay.ru/files/fancybox27c44.css]
[sonmay.ru/files/bootstrap-grid.min86143.css]
[sonmay.ru/files/cssba3e2.css]
[sonmay.ru/files/fonts6c734.css]
[sonmay.ru/files/favicon50897.ico]
[sonmay.ru/files/jquery.fancybox.minc8f17.css]
[sonmay.ru/files/app.min27427.css]
[sonmay.ru/files/main40cf0.css]
[sonmay.ru/files/6091.jpg]
[sonmay.ru/files/6092.jpg]
[sonmay.ru/files/6093.jpg]
[sonmay.ru/files/6094.jpg]
[sonmay.ru/files/6095.jpg]
[sonmay.ru/files/6096.jpg]
[sonmay.ru/files/6097.jpg]
[sonmay.ru/files/6098.jpg]
[sonmay.ru/files/6099.jpg]
[sonmay.ru/files/6100.jpg]
[sonmay.ru/files/6101.jpg]
[sonmay.ru/files/6102.jpg]
[sonmay.ru/files/6103.jpg]
[sonmay.ru/files/6104.jpg]
[sonmay.ru/files/6105.jpg]
[sonmay.ru/files/6106.jpg]
[sonmay.ru/files/6107.jpg]
[sonmay.ru/files/6108.jpg]
[sonmay.ru/files/6109.jpg]
[sonmay.ru/files/6110.jpg]
[sonmay.ru/files/6111.jpg]
[sonmay.ru/files/6112.jpg]
[sonmay.ru/files/6114.jpg]
[sonmay.ru/files/6115.jpg]
[sonmay.ru/files/6116.jpg]
[sonmay.ru/files/6117.jpg]
[sonmay.ru/files/6118.jpg]
[sonmay.ru/files/6119.jpg]
[sonmay.ru/files/6120.jpg]
[sonmay.ru/files/6121.jpg]
[sonmay.ru/files/6122.jpg]
[sonmay.ru/files/6124.jpg]
[sonmay.ru/files/6125.jpg]
[sonmay.ru/files/6126.jpg]
[sonmay.ru/files/6127.jpg]
[sonmay.ru/files/6128.jpg]
[sonmay.ru/files/6129.jpg]
[sonmay.ru/files/6130.jpg]
[sonmay.ru/files/6131.jpg]
[sonmay.ru/files/6132.jpg]
[sonmay.ru/files/6133.jpg]
[sonmay.ru/files/6134.jpg]
[sonmay.ru/files/6135.jpg]
[sonmay.ru/files/6136.jpg]
[sonmay.ru/files/6137.jpg]
[sonmay.ru/files/6138.jpg]
[sonmay.ru/files/6139.jpg]
[sonmay.ru/files/6140.jpg]
[sonmay.ru/files/6142.jpg]
[sonmay.ru/files/6143.jpg]
[sonmay.ru/files/6144.jpg]
[sonmay.ru/files/6145.jpg]
[sonmay.ru/files/6146.jpg]
[sonmay.ru/files/6147.jpg]
[sonmay.ru/files/6148.jpg]
[sonmay.ru/files/6149.jpg]
[sonmay.ru/files/6150.jpg]
[sonmay.ru/files/6151.jpg]
[sonmay.ru/files/primeri196044.jpg]
[sonmay.ru/files/primeri26a2d2.jpg]
[sonmay.ru/files/primeri3b16b6.jpg]
[sonmay.ru/files/primeri4abcb5.jpg]
[sonmay.ru/files/primeri62274f.jpg]
[sonmay.ru/files/primeri780ac9.jpg]
[sonmay.ru/files/primeri87d961.jpg]
[sonmay.ru/files/primeri91a125.jpg]
[sonmay.ru/files/primeri1032c5a.jpg]
[sonmay.ru/files/primeri11d1165.jpg]
[sonmay.ru/files/module_bed_img1c7e6.jpg]
[sonmay.ru/files/jquery.formed0dc.js]
[sonmay.ru/files/jquery.maskedinput105fb.js]
[sonmay.ru/files/countdown.min42648.js]
[sonmay.ru/files/jquery.fancybox.packa6299.js]
[sonmay.ru/files/plugins7525e.js]
[sonmay.ru/files/main55af5.js]
[sonmay.ru/files/jquery.cookied5496.js]
[sonmay.ru/files/jqueryc32eb.jsonc32eb.js]
[sonmay.ru/files/init29fc26.js]
[mc.yandex.ru/metrika/tag.js]
[top-fwz1.mail.ru/js/code.js]
[sonmay.ru/index.html]
[vk.com/js/api/openapi5878.js]
[sonmay.ru/files/fancybox2c607.png]
[sonmay.ru/files/blank604ce.gif]
[sonmay.ru/files/fancybox-x2b49b.png]
[sonmay.ru/files/fancybox-yb146e.png]
[sonmay.ru/files/fancy_title_overfca31.png]
[sonmay.ru/files/fancy_close64981.png]
[sonmay.ru/files/fancy_nav_left0dab5.png]
[sonmay.ru/files/fancy_nav_right62cd7.png]
[sonmay.ru/files/fancy_title_overc4a17.png]
[sonmay.ru/files/fancy_title_left30bcf.png]
[sonmay.ru/files/fancy_title_mainb0602.png]
[sonmay.ru/files/fancy_title_right391bf.png]
[sonmay.ru/files/fancy_loading15424.png]
[sonmay.ru/files/fancy_shadow_ne971c.png]
[sonmay.ru/files/fancy_shadow_ne9b04a.png]
[sonmay.ru/files/fancy_shadow_e2a1ae.png]
[sonmay.ru/files/fancy_shadow_se959c9.png]
[sonmay.ru/files/fancy_shadow_sed38f.png]
[sonmay.ru/files/fancy_shadow_sw5a3c7.png]
[sonmay.ru/files/fancy_shadow_w57b96.png]
[sonmay.ru/files/fancy_shadow_nwad213.png]
[sonmay.ru/files/fancybox27c44.css]
[sonmay.ru/files/bootstrap-grid.min86143.css]
[sonmay.ru/files/KFOlCnqEu92Fr1MmSU5fCRc-EsAf145f.woff]
[sonmay.ru/files/KFOlCnqEu92Fr1MmSU5fABc-EsAae063.woff]
[sonmay.ru/files/KFOlCnqEu92Fr1MmSU5fCBc-EsA03592.woff]
[sonmay.ru/files/KFOlCnqEu92Fr1MmSU5fBxc-EsA8e040.woff]
[sonmay.ru/files/KFOlCnqEu92Fr1MmSU5fCxc-EsA495af.woff]
[sonmay.ru/files/KFOlCnqEu92Fr1MmSU5fChc-EsAd51d2.woff]
[sonmay.ru/files/KFOmCnqEu92Fr1Mu7mxMOzY2ab4c.woff]
[sonmay.ru/files/KFOmCnqEu92Fr1Mu5mxMOzYb28c7.woff]
[sonmay.ru/files/KFOlCnqEu92Fr1MmSU5fBBc-1d3a5.woff]
[sonmay.ru/files/KFOmCnqEu92Fr1Mu4WxMOzY92739.woff]
[sonmay.ru/files/KFOmCnqEu92Fr1Mu72xMOzY9ffed.woff]
[sonmay.ru/files/KFOmCnqEu92Fr1Mu7WxMOzY81e7d.woff]
[sonmay.ru/files/KFOmCnqEu92Fr1Mu7GxMOzYb968c.woff]
[sonmay.ru/files/KFOlCnqEu92Fr1MmEU9fCBc-EsA17eb6.woff]
[sonmay.ru/files/KFOlCnqEu92Fr1MmEU9fABc-EsA538a5.woff]
[sonmay.ru/files/KFOmCnqEu92Fr1Mu4mxMf7649.woff]
[sonmay.ru/files/KFOlCnqEu92Fr1MmEU9fCRc-EsA746d4.woff]
[sonmay.ru/files/KFOlCnqEu92Fr1MmEU9fBxc-EsA66c79.woff]
[sonmay.ru/files/KFOlCnqEu92Fr1MmEU9fCxc-EsAd4799.woff]
[sonmay.ru/files/KFOlCnqEu92Fr1MmEU9fChc-EsA446da.woff]
[sonmay.ru/files/KFOlCnqEu92Fr1MmWUlfABc-EsA8714c.woff]
[sonmay.ru/files/KFOlCnqEu92Fr1MmWUlfCBc-EsA011fd.woff]
[sonmay.ru/files/KFOlCnqEu92Fr1MmEU9fBBc-24ca6.woff]
[sonmay.ru/files/KFOlCnqEu92Fr1MmWUlfCRc-EsA8b2bb.woff]
[sonmay.ru/files/KFOlCnqEu92Fr1MmWUlfBxc-EsA963f1.woff]
[sonmay.ru/files/KFOlCnqEu92Fr1MmWUlfCxc-EsA61af4.woff]
[sonmay.ru/files/KFOlCnqEu92Fr1MmWUlfChc-EsAadb7a.woff]
[sonmay.ru/files/KFOlCnqEu92Fr1MmYUtfCBc-EsA8a1a9.woff]
[sonmay.ru/files/KFOlCnqEu92Fr1MmYUtfABc-EsA18e18.woff]
[sonmay.ru/files/KFOlCnqEu92Fr1MmWUlfBBc-b6dae.woff]
[sonmay.ru/files/KFOlCnqEu92Fr1MmYUtfCRc-EsA9b052.woff]
[sonmay.ru/files/KFOlCnqEu92Fr1MmYUtfBxc-EsAdf0a5.woff]
[sonmay.ru/files/cssba3e2.css]
[sonmay.ru/files/KFOlCnqEu92Fr1MmYUtfCxc-EsA21273.woff]
[sonmay.ru/files/fonts6c734.css]
[sonmay.ru/files/roublebe433.woff2]
[sonmay.ru/files/rouble0ffbe.woff]
[sonmay.ru/files/KFOlCnqEu92Fr1MmYUtfChc-EsAc8cbd.woff]
[sonmay.ru/files/fancybox_sprite4721c.png]
[sonmay.ru/files/KFOlCnqEu92Fr1MmYUtfBBc-08444.woff]
[sonmay.ru/files/fancybox_loading201b4.gif]
[sonmay.ru/files/blankc50ce.gif]
[sonmay.ru/files/fancybox_overlay06c49.png]
[sonmay.ru/files/fancybox_sprite@2x4d088.png]
[sonmay.ru/files/fancybox_loading@2x52c3a.gif]
[sonmay.ru/files/jquery.fancybox.minc8f17.css]
[sonmay.ru/files/jquery.bxslider0226f.css]
[sonmay.ru/files/posterizer_kg_inline-webfontb7342.woff2]
[sonmay.ru/files/pt_sans-web-regular-webfontd76d7.woff2]
[sonmay.ru/files/posterizer_kg_inline-webfont6be1c.woff]
[sonmay.ru/files/posterizer_kg_inline-webfontc4a2b.ttf]
[sonmay.ru/files/pt_sans-web-regular-webfont40ef2.woff]
[sonmay.ru/files/pt_sans-web-regular-webfont1e282.ttf]
[sonmay.ru/files/Tahoma-Bold045d2.woff2]
[sonmay.ru/files/Tahoma-Boldaf551.woff]
[sonmay.ru/files/Tahoma-Bold972a5.ttf]
[sonmay.ru/files/Tahomaa90eb.woff2]
[sonmay.ru/files/icon_phone6116d.png]
[sonmay.ru/files/icon_pricebbd6d.png]
[sonmay.ru/files/icon_qualityd101b.png]
[sonmay.ru/files/icon_guarantee695c0.png]
[sonmay.ru/files/icon_payd7831.png]
[sonmay.ru/files/icon_productionc9313.png]
[sonmay.ru/files/icon_delivery05847.png]
[sonmay.ru/files/icon_check55716.png]
[sonmay.ru/files/icon_player_mini50170.png]
[sonmay.ru/files/line6ef3a.png]
[sonmay.ru/files/arrow_desctopb4021.png]
[sonmay.ru/files/icon_closefc070.png]
[sonmay.ru/files/arrow_mobilef0db6.png]
[sonmay.ru/files/cat-semie0543.png]
[sonmay.ru/files/cat-lap44791.png]
[sonmay.ru/files/hit640ca.png]
[sonmay.ru/files/app.min27427.css]
[sonmay.ru/files/csse1a90.css]
[sonmay.ru/files/css1d69e.css]
[sonmay.ru/fonts/arialblack/Arial-Blackd41d.eot]
[sonmay.ru/files/Arial-Blackcf0da.html]
[sonmay.ru/files/Arial-Black293a3.html]
[sonmay.ru/fonts/arialblack/Arial-Black.svg]
[sonmay.ru/files/sprite1ab8b.png]
[sonmay.ru/files/Popup18ea17.png]
[sonmay.ru/files/main40cf0.css]
[sonmay.ru/widget_comments.php]
[sonmay.ru/; path=/index.html]
[sonmay.ru/widget_recommended.php]
[sonmay.ru/widget_post.php]
[sonmay.ru/widget_like.php]
[sonmay.ru/al_widget_poll.php]
[sonmay.ru/widget_app.php]
[sonmay.ru/widget_community.php]
[sonmay.ru/widget_auth.php]
[sonmay.ru/widget_subscribe.php]
[sonmay.ru/widget_contactus.php]
[sonmay.ru/widget_bookmarks.php]
[sonmay.ru/widget_playlist.php]
[sonmay.ru/ads_rotate.php]
[sonmay.ru/web/ads_lightd41d.js]
[sonmay.ru/widget_allow_messages_from_community.php]
[sonmay.ru/widget_article.php]
[sonmay.ru/widget_podcast.php]
[sonmay.ru/widget_community_messages.php]
[sonmay.ru/blankd41d.php]
[vk.com/js/api/openapi5878.js]
[sonmay.ru/files/fancy_close64981.html]
[sonmay.ru/files/fancy_nav_left0dab5.html]
[sonmay.ru/files/fancy_nav_right62cd7.html]
[sonmay.ru/files/fancy_title_overc4a17.html]
[sonmay.ru/files/fancy_title_left30bcf.html]
[sonmay.ru/files/fancy_title_mainb0602.html]
[sonmay.ru/files/fancy_title_right391bf.html]
[sonmay.ru/files/fancy_loading15424.html]
[sonmay.ru/files/fancy_shadow_ne971c.html]
[sonmay.ru/files/fancy_shadow_ne9b04a.html]
[sonmay.ru/files/fancy_shadow_e2a1ae.html]
[sonmay.ru/files/fancy_shadow_se959c9.html]
[sonmay.ru/files/fancy_shadow_sed38f.html]
[sonmay.ru/files/fancy_shadow_sw5a3c7.html]
[sonmay.ru/files/fancy_shadow_w57b96.html]
[sonmay.ru/files/fancy_shadow_nwad213.html]
[sonmay.ru/files/bx_loader4287f.gif]
[sonmay.ru/files/controlsceaec.png]
[sonmay.ru/files/jquery.bxslider0226f.css]
[sonmay.ru/files/Tahomadd727.woff]
[sonmay.ru/files/Tahomab9491.ttf]
[sonmay.ru/files/BngRUXZYTXPIvIBgJJSb6u9mxLCKwRu6eg4bc82.woff]
[sonmay.ru/files/BngRUXZYTXPIvIBgJJSb6u9mxLCLwRu6eg776be.woff]
[sonmay.ru/files/BngRUXZYTXPIvIBgJJSb6u9mxLCCwRu6eg8688f.woff]
[sonmay.ru/files/BngRUXZYTXPIvIBgJJSb6u9mxLCFwRu6egce297.woff]
[sonmay.ru/files/BngRUXZYTXPIvIBgJJSb6u9mxLCJwRu6ega3ab6.woff]
[sonmay.ru/files/BngRUXZYTXPIvIBgJJSb6u9mxLCIwRu6eg9c2c8.woff]
[sonmay.ru/files/BngMUXZYTXPIvIBgJJSb6ufB5qO54A9b9e2.woff]
[sonmay.ru/files/BngMUXZYTXPIvIBgJJSb6ufJ5qO54A79717.woff]
[sonmay.ru/files/BngRUXZYTXPIvIBgJJSb6u9mxLCGwRs2adea.woff]
[sonmay.ru/files/BngMUXZYTXPIvIBgJJSb6ufA5qO54A97b5f.woff]
[sonmay.ru/files/BngMUXZYTXPIvIBgJJSb6ufO5qO54Abcc18.woff]
[sonmay.ru/files/BngMUXZYTXPIvIBgJJSb6ufC5qO54Ae1e20.woff]
[sonmay.ru/files/BngMUXZYTXPIvIBgJJSb6ufD5qO54A113d8.woff]
[sonmay.ru/files/BngMUXZYTXPIvIBgJJSb6ufN5qM86d13.woff]
[sonmay.ru/files/BngRUXZYTXPIvIBgJJSb6u92w7CKwRu6eg65d12.woff]
[sonmay.ru/files/BngRUXZYTXPIvIBgJJSb6u92w7CCwRu6egddc01.woff]
[sonmay.ru/files/BngRUXZYTXPIvIBgJJSb6u92w7CLwRu6eg07532.woff]
[sonmay.ru/files/BngRUXZYTXPIvIBgJJSb6u92w7CFwRu6eg0b489.woff]
[sonmay.ru/files/BngRUXZYTXPIvIBgJJSb6u92w7CJwRu6eg49f7e.woff]
[sonmay.ru/files/csse1a90.css]
[sonmay.ru/files/BngRUXZYTXPIvIBgJJSb6u92w7CIwRu6egdfcbc.woff]
[sonmay.ru/files/BngRUXZYTXPIvIBgJJSb6u92w7CGwRsdf19f.woff]
[sonmay.ru/files/jizaRExUiTo99u79D0aEw9GMa7c10.woff]
[sonmay.ru/files/jizaRExUiTo99u79D0yEw9GMdce4f.woff]
[sonmay.ru/files/jizaRExUiTo99u79D0-Ew9GM86c2b.woff]
[sonmay.ru/files/jizaRExUiTo99u79D0KEww1e77f.woff]
[sonmay.ru/files/jizfRExUiTo99u79B_mh0OqtKw0Zdab08.woff]
[sonmay.ru/files/css1d69e.css]
[sonmay.ru/fonts/arialblack/Arial-Blackd41d.html]
[sonmay.ru/files/jizfRExUiTo99u79B_mh0OOtKw0Zb1d04.woff]
[sonmay.ru/files/jizfRExUiTo99u79B_mh0OCtKw0Z216c2.woff]
[sonmay.ru/assets/css/fancybox.css]
[sonmay.ru/assets/libs/bootstrap/css/bootstrap-grid.min.css]
[sonmay.ru/assets/css/fonts.css]
[sonmay.ru/files/favicon.ico]
[sonmay.ru/files/jizfRExUiTo99u79B_mh0O6tKw1e1f5.woff]
[cdnjs.cloudflare.com/ajax/libs/fancybox/2.1.5/jquery.fancybox.min.css]
[sonmay.ru/css/app.min035e.css]
[sonmay.ru/assets/css/main035e.css]
[sonmay.ru/img/mp3_player.png]
[sonmay.ru/img/pics/module_bed_img.jpg]
[sonmay.ru/files/images/icon22.png]
[sonmay.ru/files/scripts/jquery.form.js]
[cdnjs.cloudflare.com/ajax/libs/jquery.maskedinput/1.4.1/jquery.maskedinput.js]
[cdnjs.cloudflare.com/ajax/libs/fancybox/2.1.5/jquery.fancybox.pack.js]
[sonmay.ru/js/countdown.min.js]
[sonmay.ru/js/plugins.js]
[sonmay.ru/js/main035e.js]
[sonmay.ru/scripts/jquery.cookie035e.js]
[sonmay.ru/files/scripts/jquery.json.js]
[sonmay.ru/scripts/init2035e.js]
[sonmay.ru/files/Arial-Blackcf0da.html]
[connect.facebook.net/en_US/fbevents.js]
[sonmay.ru/js/jquery-1.10.2.min.js]
[sonmay.ru/files/Arial-Black293a3.html]
[sonmay.ru/fonts/arialblack/Arial-Black.html]
[sonmay.ru/; path=/index.html]
[sonmay.ru/widget_comments.html]
[sonmay.ru/widget_recommended.html]
[sonmay.ru/widget_post.html]
[sonmay.ru/widget_like.html]
[sonmay.ru/al_widget_poll.html]
[sonmay.ru/widget_app.html]
[sonmay.ru/widget_community.html]
[sonmay.ru/widget_auth.html]
[sonmay.ru/widget_subscribe.html]
[sonmay.ru/widget_contactus.html]
[sonmay.ru/widget_bookmarks.html]
[sonmay.ru/widget_playlist.html]
[sonmay.ru/ads_rotate.html]
[sonmay.ru/web/ads_lightd41d.html]
[sonmay.ru/widget_allow_messages_from_community.html]
[sonmay.ru/widget_article.html]
[sonmay.ru/widget_podcast.html]
[sonmay.ru/widget_community_messages.html]
[sonmay.ru/blankd41d.html]
[vk.com/js/api/openapi_updated41d.html]
[sonmay.ru/assets/css/fancybox.html]
[sonmay.ru/assets/libs/bootstrap/css/bootstrap-grid.min.html]
[sonmay.ru/assets/css/fonts.html]
[sonmay.ru/files/favicon.html]
[cdnjs.cloudflare.com/ajax/libs/fancybox/2.1.5/fancybox_sprite.png]
[cdnjs.cloudflare.com/ajax/libs/fancybox/2.1.5/fancybox_loading.gif]
[cdnjs.cloudflare.com/ajax/libs/fancybox/2.1.5/blank.gif]
[cdnjs.cloudflare.com/ajax/libs/fancybox/2.1.5/fancybox_overlay.png]
[cdnjs.cloudflare.com/ajax/libs/fancybox/2.1.5/fancybox_sprite@2x.png]
[cdnjs.cloudflare.com/ajax/libs/fancybox/2.1.5/jquery.fancybox.min.css]
[sonmay.ru/css/app.min035e.html]
[sonmay.ru/assets/css/main035e.html]
[sonmay.ru/img/mp3_player.html]
[sonmay.ru/img/pics/module_bed_img.html]
[sonmay.ru/files/images/icon22.html]
[sonmay.ru/files/scripts/jquery.form.html]
[sonmay.ru/js/countdown.min.html]
[sonmay.ru/js/plugins.html]
[sonmay.ru/js/main035e.html]
[sonmay.ru/scripts/jquery.cookie035e.html]
[sonmay.ru/files/scripts/jquery.json.html]
[sonmay.ru/scripts/init2035e.html]
[cdnjs.cloudflare.com/ajax/libs/fancybox/2.1.5/fancybox_loading@2x.gif]
[sonmay.ru/files/POST]
[connect.facebook.net/en_US/fbevents.js]
[sonmay.ru/js/jquery-1.10.2.min.html]
[sonmay.ru/files/POST.html]
