[costume-miranda.bestsales2020.ru/index.html]
[backblue.gif]
[fade.gif]
[index.html]
[code.jquery.com/jquery-3.4.1.js]
[bestsales2020.ru/static/js/lt_landing_script.js]
[costume-miranda.bestsales2020.ru/img/offer3__image.jpg]
[costume-miranda.bestsales2020.ru/img/offer3__benefit1_image.jpg]
[costume-miranda.bestsales2020.ru/img/offer3__benefit2_image.jpg]
[costume-miranda.bestsales2020.ru/img/offer3__benefit3_image.jpg]
[costume-miranda.bestsales2020.ru/img/colie.jpg]
[costume-miranda.bestsales2020.ru/img/c2.jpg]
[costume-miranda.bestsales2020.ru/img/c3.jpg]
[costume-miranda.bestsales2020.ru/img/c5.jpg]
[costume-miranda.bestsales2020.ru/img/с6.jpg]
[cdnjs.cloudflare.com/ajax/libs/datejs/1.0/date.min.js]
[costume-miranda.bestsales2020.ru/img/ava1.jpg]
[costume-miranda.bestsales2020.ru/img/ava2.jpg]
[costume-miranda.bestsales2020.ru/img/ava3.jpg]
[costume-miranda.bestsales2020.ru/img/order_steps__step3_icon.png]
[costume-miranda.bestsales2020.ru/img/order_steps__step4_icon.png]
[costume-miranda.bestsales2020.ru/img/ajax-loader.gif]
[costume-miranda.bestsales2020.ru/politika.html]
[costume-miranda.bestsales2020.ru/agreement.html]
[costume-miranda.bestsales2020.ru/js/scripts.js]
[costume-miranda.bestsales2020.ru/index.html]
[costume-miranda.bestsales2020.ru/fonts/fa-brands-400.eot]
[costume-miranda.bestsales2020.ru/fonts/fa-brands-400.woff2]
[costume-miranda.bestsales2020.ru/fonts/fa-brands-400.woff]
[costume-miranda.bestsales2020.ru/fonts/fa-brands-400.ttf]
[costume-miranda.bestsales2020.ru/img/fa-brands-400.svg]
[costume-miranda.bestsales2020.ru/fonts/fa-regular-400.eot]
[costume-miranda.bestsales2020.ru/fonts/fa-regular-400.woff2]
[costume-miranda.bestsales2020.ru/fonts/fa-regular-400.woff]
[costume-miranda.bestsales2020.ru/fonts/fa-regular-400.ttf]
[costume-miranda.bestsales2020.ru/img/fa-regular-400.svg]
[costume-miranda.bestsales2020.ru/fonts/fa-solid-900.eot]
[costume-miranda.bestsales2020.ru/fonts/fa-solid-900.woff2]
[costume-miranda.bestsales2020.ru/fonts/fa-solid-900.woff]
[costume-miranda.bestsales2020.ru/fonts/fa-solid-900.ttf]
[costume-miranda.bestsales2020.ru/img/fa-solid-900.svg]
[costume-miranda.bestsales2020.ru/css/all.css]
[costume-miranda.bestsales2020.ru/css/reset.css]
[costume-miranda.bestsales2020.ru/fonts/subsetMontserrat Light.woff2]
[costume-miranda.bestsales2020.ru/fonts/subsetMontserrat Light.woff]
[costume-miranda.bestsales2020.ru/fonts/subsetMontserrat Light.ttf]
[costume-miranda.bestsales2020.ru/fonts/subsetMontserrat Regular.woff2]
[costume-miranda.bestsales2020.ru/fonts/subsetMontserrat Regular.woff]
[costume-miranda.bestsales2020.ru/fonts/subsetMontserrat Regular.ttf]
[costume-miranda.bestsales2020.ru/fonts/subsetMontserrat Italic.woff2]
[costume-miranda.bestsales2020.ru/fonts/subsetMontserrat Italic.woff]
[costume-miranda.bestsales2020.ru/fonts/subsetMontserrat Italic.ttf]
[costume-miranda.bestsales2020.ru/fonts/subsetMontserrat Medium.woff2]
[costume-miranda.bestsales2020.ru/fonts/subsetMontserrat Medium.woff]
[costume-miranda.bestsales2020.ru/fonts/subsetMontserrat Medium.ttf]
[costume-miranda.bestsales2020.ru/fonts/subsetMontserrat Bold.woff2]
[costume-miranda.bestsales2020.ru/fonts/subsetMontserrat Bold.woff]
[costume-miranda.bestsales2020.ru/fonts/subsetMontserrat Bold.ttf]
[costume-miranda.bestsales2020.ru/fonts/subsetMontserrat Black.woff2]
[costume-miranda.bestsales2020.ru/fonts/subsetMontserrat Black.woff]
[costume-miranda.bestsales2020.ru/fonts/subsetMontserrat Black.ttf]
[costume-miranda.bestsales2020.ru/css/Montserrat.css]
[costume-miranda.bestsales2020.ru/img/separator_red.png]
[costume-miranda.bestsales2020.ru/img/separator_white.png]
[costume-miranda.bestsales2020.ru/img/offer1__discount_bg.png]
[costume-miranda.bestsales2020.ru/img/offer3__discount_bg.png]
[costume-miranda.bestsales2020.ru/img/offer1__timer_arrows.png]
[costume-miranda.bestsales2020.ru/img/offer2__discount_bg.png]
[costume-miranda.bestsales2020.ru/img/select.png]
[costume-miranda.bestsales2020.ru/img/offer__name_icon.png]
[costume-miranda.bestsales2020.ru/img/offer__phone_icon.png]
[costume-miranda.bestsales2020.ru/img/slider__arrows.png]
[costume-miranda.bestsales2020.ru/img/check.png]
[costume-miranda.bestsales2020.ru/img/bg_light.jpg]
[costume-miranda.bestsales2020.ru/img/quote2_icon.png]
[costume-miranda.bestsales2020.ru/img/opinion2_bg.jpg]
[costume-miranda.bestsales2020.ru/img/quote1_icon.png]
[costume-miranda.bestsales2020.ru/img/reviews2__arrows.png]
[costume-miranda.bestsales2020.ru/img/reviews3__stars.png]
[costume-miranda.bestsales2020.ru/img/reviews4_bg.png]
[costume-miranda.bestsales2020.ru/img/reviews4__arrows.png]
[costume-miranda.bestsales2020.ru/img/order_steps1__step3_image.png]
[costume-miranda.bestsales2020.ru/img/order_steps1__step4_image.png]
[costume-miranda.bestsales2020.ru/img/order_steps2__step1_bg.jpg]
[costume-miranda.bestsales2020.ru/img/order_steps2__step2_bg.jpg]
[costume-miranda.bestsales2020.ru/img/order_steps2__step3_bg.jpg]
[costume-miranda.bestsales2020.ru/img/order_steps2__step4_bg.jpg]
[costume-miranda.bestsales2020.ru/css/styles.css]
[costume-miranda.bestsales2020.ru/politika.html]
[costume-miranda.bestsales2020.ru/agreement.html]
[costume-miranda.bestsales2020.ru/fonts/JTUSjIg1_i6t8kCHKm459WRhyyTh89ZNpQ.woff2]
[costume-miranda.bestsales2020.ru/fonts/JTUSjIg1_i6t8kCHKm459W1hyyTh89ZNpQ.woff2]
[costume-miranda.bestsales2020.ru/fonts/JTUSjIg1_i6t8kCHKm459WZhyyTh89ZNpQ.woff2]
[costume-miranda.bestsales2020.ru/fonts/JTUSjIg1_i6t8kCHKm459WdhyyTh89ZNpQ.woff2]
[costume-miranda.bestsales2020.ru/fonts/JTUSjIg1_i6t8kCHKm459WlhyyTh89Y.woff2]
[costume-miranda.bestsales2020.ru/fonts/JTURjIg1_i6t8kCHKm45_dJE3gTD_vx3rCubqg.woff2]
[costume-miranda.bestsales2020.ru/fonts/JTURjIg1_i6t8kCHKm45_dJE3g3D_vx3rCubqg.woff2]
[costume-miranda.bestsales2020.ru/fonts/JTURjIg1_i6t8kCHKm45_dJE3gbD_vx3rCubqg.woff2]
[costume-miranda.bestsales2020.ru/fonts/JTURjIg1_i6t8kCHKm45_dJE3gfD_vx3rCubqg.woff2]
[costume-miranda.bestsales2020.ru/fonts/JTURjIg1_i6t8kCHKm45_dJE3gnD_vx3rCs.woff2]
[costume-miranda.bestsales2020.ru/css/css.css]
[costume-miranda.bestsales2020.ru/fonts/KFOmCnqEu92Fr1Mu72xKKTU1Kvnz.woff2]
[costume-miranda.bestsales2020.ru/fonts/KFOmCnqEu92Fr1Mu5mxKKTU1Kvnz.woff2]
[costume-miranda.bestsales2020.ru/fonts/KFOmCnqEu92Fr1Mu7mxKKTU1Kvnz.woff2]
[costume-miranda.bestsales2020.ru/fonts/KFOmCnqEu92Fr1Mu4WxKKTU1Kvnz.woff2]
[costume-miranda.bestsales2020.ru/fonts/KFOmCnqEu92Fr1Mu7WxKKTU1Kvnz.woff2]
[costume-miranda.bestsales2020.ru/fonts/KFOmCnqEu92Fr1Mu7GxKKTU1Kvnz.woff2]
[costume-miranda.bestsales2020.ru/fonts/KFOmCnqEu92Fr1Mu4mxKKTU1Kg.woff2]
[costume-miranda.bestsales2020.ru/css/css_1.css]
[costume-miranda.bestsales2020.ru/fonts/fa-brands-400.html]
[costume-miranda.bestsales2020.ru/fonts/fa-brands-401.html]
[costume-miranda.bestsales2020.ru/fonts/fa-brands-402.html]
[costume-miranda.bestsales2020.ru/fonts/fa-brands-403.html]
[costume-miranda.bestsales2020.ru/img/fa-brands-400.html]
[costume-miranda.bestsales2020.ru/fonts/fa-regular-400.html]
[costume-miranda.bestsales2020.ru/fonts/fa-regular-401.html]
[costume-miranda.bestsales2020.ru/fonts/fa-regular-402.html]
[costume-miranda.bestsales2020.ru/fonts/fa-regular-403.html]
[costume-miranda.bestsales2020.ru/img/fa-regular-400.html]
[costume-miranda.bestsales2020.ru/fonts/fa-solid-900.html]
[costume-miranda.bestsales2020.ru/fonts/fa-solid-901.html]
[costume-miranda.bestsales2020.ru/fonts/fa-solid-902.html]
[costume-miranda.bestsales2020.ru/fonts/fa-solid-903.html]
[costume-miranda.bestsales2020.ru/img/fa-solid-900.html]
[costume-miranda.bestsales2020.ru/fonts/subsetMontserrat Light.html]
[costume-miranda.bestsales2020.ru/fonts/subsetMontserrat Light-2.html]
[costume-miranda.bestsales2020.ru/fonts/subsetMontserrat Light-3.html]
[costume-miranda.bestsales2020.ru/fonts/subsetMontserrat Italic.html]
[costume-miranda.bestsales2020.ru/fonts/subsetMontserrat Italic-2.html]
[costume-miranda.bestsales2020.ru/fonts/subsetMontserrat Italic-3.html]
[costume-miranda.bestsales2020.ru/fonts/subsetMontserrat Medium.html]
[costume-miranda.bestsales2020.ru/fonts/subsetMontserrat Medium-2.html]
[costume-miranda.bestsales2020.ru/fonts/subsetMontserrat Medium-3.html]
[costume-miranda.bestsales2020.ru/fonts/subsetMontserrat Black.html]
[costume-miranda.bestsales2020.ru/fonts/subsetMontserrat Black-2.html]
[costume-miranda.bestsales2020.ru/fonts/subsetMontserrat Black-3.html]
[costume-miranda.bestsales2020.ru/img/separator_white.html]
[costume-miranda.bestsales2020.ru/img/offer1__discount_bg.html]
[costume-miranda.bestsales2020.ru/img/offer1__timer_arrows.html]
[costume-miranda.bestsales2020.ru/img/offer2__discount_bg.html]
[costume-miranda.bestsales2020.ru/img/select.html]
[costume-miranda.bestsales2020.ru/img/slider__arrows.html]
[costume-miranda.bestsales2020.ru/img/check.html]
[costume-miranda.bestsales2020.ru/img/quote2_icon.html]
[costume-miranda.bestsales2020.ru/img/opinion2_bg.html]
[costume-miranda.bestsales2020.ru/img/reviews2__arrows.html]
[costume-miranda.bestsales2020.ru/img/reviews4_bg.html]
[costume-miranda.bestsales2020.ru/img/reviews4__arrows.html]
[costume-miranda.bestsales2020.ru/img/order_steps2__step1_bg.html]
[costume-miranda.bestsales2020.ru/img/order_steps2__step2_bg.html]
[costume-miranda.bestsales2020.ru/img/order_steps2__step3_bg.html]
[costume-miranda.bestsales2020.ru/img/order_steps2__step4_bg.html]
[costume-miranda.bestsales2020.ru/fonts/JTUSjIg1_i6t8kCHKm459WRhyyTh89ZNpQ.html]
[costume-miranda.bestsales2020.ru/fonts/JTUSjIg1_i6t8kCHKm459WZhyyTh89ZNpQ.html]
[costume-miranda.bestsales2020.ru/fonts/JTUSjIg1_i6t8kCHKm459WdhyyTh89ZNpQ.html]
[costume-miranda.bestsales2020.ru/fonts/JTURjIg1_i6t8kCHKm45_dJE3gTD_vx3rCubqg.html]
[costume-miranda.bestsales2020.ru/fonts/JTURjIg1_i6t8kCHKm45_dJE3gbD_vx3rCubqg.html]
[costume-miranda.bestsales2020.ru/fonts/JTURjIg1_i6t8kCHKm45_dJE3gfD_vx3rCubqg.html]
[costume-miranda.bestsales2020.ru/fonts/KFOmCnqEu92Fr1Mu72xKKTU1Kvnz.html]
[costume-miranda.bestsales2020.ru/fonts/KFOmCnqEu92Fr1Mu5mxKKTU1Kvnz.html]
[costume-miranda.bestsales2020.ru/fonts/KFOmCnqEu92Fr1Mu7mxKKTU1Kvnz.html]
[costume-miranda.bestsales2020.ru/fonts/KFOmCnqEu92Fr1Mu4WxKKTU1Kvnz.html]
[costume-miranda.bestsales2020.ru/fonts/KFOmCnqEu92Fr1Mu7WxKKTU1Kvnz.html]
[costume-miranda.bestsales2020.ru/fonts/KFOmCnqEu92Fr1Mu7GxKKTU1Kvnz.html]
[costume-miranda.bestsales2020.ru/fonts/KFOmCnqEu92Fr1Mu4mxKKTU1Kg.html]
