[monroe-formic.bestseller-2020.ru/index.html]
[backblue.gif]
[fade.gif]
[index.html]
[code.jquery.com/jquery-3.4.1.js]
[monroe-formic.bestseller-2020.ru/images/favicon.png]
[bestseller-2020.ru/static/js/lt_landing_script.js]
[monroe-formic.bestseller-2020.ru/images/offer3__image.jpg]
[monroe-formic.bestseller-2020.ru/images/offer3__benefit1_image.jpg]
[monroe-formic.bestseller-2020.ru/images/offer3__benefit2_image.jpg]
[monroe-formic.bestseller-2020.ru/images/offer3__benefit3_image.jpg]
[monroe-formic.bestseller-2020.ru/images/c2.jpg]
[monroe-formic.bestseller-2020.ru/images/c3.jpg]
[monroe-formic.bestseller-2020.ru/images/c5.jpg]
[monroe-formic.bestseller-2020.ru/images/pudra.jpg]
[monroe-formic.bestseller-2020.ru/images/miata.jpg]
[monroe-formic.bestseller-2020.ru/images/blue.jpg]
[monroe-formic.bestseller-2020.ru/images/ava1.jpg]
[monroe-formic.bestseller-2020.ru/images/ava2.jpg]
[monroe-formic.bestseller-2020.ru/images/ava3.jpg]
[monroe-formic.bestseller-2020.ru/images/order_steps__step3_icon.png]
[monroe-formic.bestseller-2020.ru/images/order_steps__step4_icon.png]
[monroe-formic.bestseller-2020.ru/images/ajax-loader.gif]
[monroe-formic.bestseller-2020.ru/politika.html]
[monroe-formic.bestseller-2020.ru/agreement.html]
[monroe-formic.bestseller-2020.ru/js/scripts.js]
[monroe-formic.bestseller-2020.ru/js/mask_input.js]
[monroe-formic.bestseller-2020.ru/lib/1.1.9.js]
[monroe-formic.bestseller-2020.ru/index.html]
[monroe-formic.bestseller-2020.ru/releases/v5.7.0/webfonts/fa-brands-400.eot]
[monroe-formic.bestseller-2020.ru/releases/v5.7.0/webfonts/fa-brands-400.woff2]
[monroe-formic.bestseller-2020.ru/releases/v5.7.0/webfonts/fa-brands-400.woff]
[monroe-formic.bestseller-2020.ru/releases/v5.7.0/webfonts/fa-brands-400.ttf]
[monroe-formic.bestseller-2020.ru/releases/v5.7.0/webfonts/fa-brands-400.svg]
[monroe-formic.bestseller-2020.ru/releases/v5.7.0/webfonts/fa-regular-400.eot]
[monroe-formic.bestseller-2020.ru/releases/v5.7.0/webfonts/fa-regular-400.woff2]
[monroe-formic.bestseller-2020.ru/releases/v5.7.0/webfonts/fa-regular-400.woff]
[monroe-formic.bestseller-2020.ru/releases/v5.7.0/webfonts/fa-regular-400.ttf]
[monroe-formic.bestseller-2020.ru/releases/v5.7.0/webfonts/fa-regular-400.svg]
[monroe-formic.bestseller-2020.ru/releases/v5.7.0/webfonts/fa-solid-900.eot]
[monroe-formic.bestseller-2020.ru/releases/v5.7.0/webfonts/fa-solid-900.woff2]
[monroe-formic.bestseller-2020.ru/releases/v5.7.0/webfonts/fa-solid-900.woff]
[monroe-formic.bestseller-2020.ru/releases/v5.7.0/webfonts/fa-solid-900.ttf]
[monroe-formic.bestseller-2020.ru/releases/v5.7.0/webfonts/fa-solid-900.svg]
[monroe-formic.bestseller-2020.ru/releases/v5.7.0/css/all.css]
[monroe-formic.bestseller-2020.ru/css/reset.css]
[monroe-formic.bestseller-2020.ru/css/subsetMontserrat Light.woff2]
[monroe-formic.bestseller-2020.ru/css/subsetMontserrat Light.woff]
[monroe-formic.bestseller-2020.ru/css/subsetMontserrat Light.ttf]
[monroe-formic.bestseller-2020.ru/css/subsetMontserrat Regular.woff2]
[monroe-formic.bestseller-2020.ru/css/subsetMontserrat Regular.woff]
[monroe-formic.bestseller-2020.ru/css/subsetMontserrat Regular.ttf]
[monroe-formic.bestseller-2020.ru/css/subsetMontserrat Italic.woff2]
[monroe-formic.bestseller-2020.ru/css/subsetMontserrat Italic.woff]
[monroe-formic.bestseller-2020.ru/css/subsetMontserrat Italic.ttf]
[monroe-formic.bestseller-2020.ru/css/subsetMontserrat Medium.woff2]
[monroe-formic.bestseller-2020.ru/css/subsetMontserrat Medium.woff]
[monroe-formic.bestseller-2020.ru/css/subsetMontserrat Medium.ttf]
[monroe-formic.bestseller-2020.ru/css/subsetMontserrat Bold.woff2]
[monroe-formic.bestseller-2020.ru/css/subsetMontserrat Bold.woff]
[monroe-formic.bestseller-2020.ru/css/subsetMontserrat Bold.ttf]
[monroe-formic.bestseller-2020.ru/css/subsetMontserrat Black.woff2]
[monroe-formic.bestseller-2020.ru/css/subsetMontserrat Black.woff]
[monroe-formic.bestseller-2020.ru/css/subsetMontserrat Black.ttf]
[monroe-formic.bestseller-2020.ru/css/Montserrat.css]
[monroe-formic.bestseller-2020.ru/images/separator_red.png]
[monroe-formic.bestseller-2020.ru/images/separator_white.png]
[monroe-formic.bestseller-2020.ru/images/offer1__discount_bg.png]
[monroe-formic.bestseller-2020.ru/images/offer3__discount_bg.png]
[monroe-formic.bestseller-2020.ru/images/offer1__timer_arrows.png]
[monroe-formic.bestseller-2020.ru/images/offer2__discount_bg.png]
[monroe-formic.bestseller-2020.ru/images/select.png]
[monroe-formic.bestseller-2020.ru/images/offer__name_icon.png]
[monroe-formic.bestseller-2020.ru/images/offer__phone_icon.png]
[monroe-formic.bestseller-2020.ru/images/slider__arrows.png]
[monroe-formic.bestseller-2020.ru/images/check.png]
[monroe-formic.bestseller-2020.ru/images/bg_light.jpg]
[monroe-formic.bestseller-2020.ru/images/quote2_icon.png]
[monroe-formic.bestseller-2020.ru/images/opinion2_bg.jpg]
[monroe-formic.bestseller-2020.ru/images/quote1_icon.png]
[monroe-formic.bestseller-2020.ru/images/reviews2__arrows.png]
[monroe-formic.bestseller-2020.ru/images/reviews3__stars.png]
[monroe-formic.bestseller-2020.ru/images/reviews4_bg.png]
[monroe-formic.bestseller-2020.ru/images/reviews4__arrows.png]
[monroe-formic.bestseller-2020.ru/images/order_steps1__step3_image.png]
[monroe-formic.bestseller-2020.ru/images/order_steps1__step4_image.png]
[monroe-formic.bestseller-2020.ru/images/order_steps2__step1_bg.jpg]
[monroe-formic.bestseller-2020.ru/images/order_steps2__step2_bg.jpg]
[monroe-formic.bestseller-2020.ru/images/order_steps2__step3_bg.jpg]
[monroe-formic.bestseller-2020.ru/images/order_steps2__step4_bg.jpg]
[monroe-formic.bestseller-2020.ru/css/styles.css]
[monroe-formic.bestseller-2020.ru/politika.html]
[monroe-formic.bestseller-2020.ru/agreement.html]
[monroe-formic.bestseller-2020.ru/releases/v5.7.0/webfonts/fa-brands-400.html]
[monroe-formic.bestseller-2020.ru/releases/v5.7.0/webfonts/fa-brands-401.html]
[monroe-formic.bestseller-2020.ru/releases/v5.7.0/webfonts/fa-brands-402.html]
[monroe-formic.bestseller-2020.ru/releases/v5.7.0/webfonts/fa-brands-403.html]
[monroe-formic.bestseller-2020.ru/releases/v5.7.0/webfonts/fa-brands-404.html]
[monroe-formic.bestseller-2020.ru/releases/v5.7.0/webfonts/fa-regular-400.html]
[monroe-formic.bestseller-2020.ru/releases/v5.7.0/webfonts/fa-regular-401.html]
[monroe-formic.bestseller-2020.ru/releases/v5.7.0/webfonts/fa-regular-402.html]
[monroe-formic.bestseller-2020.ru/releases/v5.7.0/webfonts/fa-regular-403.html]
[monroe-formic.bestseller-2020.ru/releases/v5.7.0/webfonts/fa-regular-404.html]
[monroe-formic.bestseller-2020.ru/releases/v5.7.0/webfonts/fa-solid-900.html]
[monroe-formic.bestseller-2020.ru/releases/v5.7.0/webfonts/fa-solid-901.html]
[monroe-formic.bestseller-2020.ru/releases/v5.7.0/webfonts/fa-solid-902.html]
[monroe-formic.bestseller-2020.ru/releases/v5.7.0/webfonts/fa-solid-903.html]
[monroe-formic.bestseller-2020.ru/releases/v5.7.0/webfonts/fa-solid-904.html]
[monroe-formic.bestseller-2020.ru/css/subsetMontserrat Light.html]
[monroe-formic.bestseller-2020.ru/css/subsetMontserrat Light-2.html]
[monroe-formic.bestseller-2020.ru/css/subsetMontserrat Light-3.html]
[monroe-formic.bestseller-2020.ru/css/subsetMontserrat Regular.html]
[monroe-formic.bestseller-2020.ru/css/subsetMontserrat Regular-2.html]
[monroe-formic.bestseller-2020.ru/css/subsetMontserrat Regular-3.html]
[monroe-formic.bestseller-2020.ru/css/subsetMontserrat Italic.html]
[monroe-formic.bestseller-2020.ru/css/subsetMontserrat Italic-2.html]
[monroe-formic.bestseller-2020.ru/css/subsetMontserrat Italic-3.html]
[monroe-formic.bestseller-2020.ru/css/subsetMontserrat Medium.html]
[monroe-formic.bestseller-2020.ru/css/subsetMontserrat Medium-2.html]
[monroe-formic.bestseller-2020.ru/css/subsetMontserrat Medium-3.html]
[monroe-formic.bestseller-2020.ru/css/subsetMontserrat Bold.html]
[monroe-formic.bestseller-2020.ru/css/subsetMontserrat Bold-2.html]
[monroe-formic.bestseller-2020.ru/css/subsetMontserrat Bold-3.html]
[monroe-formic.bestseller-2020.ru/css/subsetMontserrat Black.html]
[monroe-formic.bestseller-2020.ru/css/subsetMontserrat Black-2.html]
[monroe-formic.bestseller-2020.ru/css/subsetMontserrat Black-3.html]
[monroe-formic.bestseller-2020.ru/images/separator_white.html]
[monroe-formic.bestseller-2020.ru/images/offer1__discount_bg.html]
[monroe-formic.bestseller-2020.ru/images/offer1__timer_arrows.html]
[monroe-formic.bestseller-2020.ru/images/offer2__discount_bg.html]
[monroe-formic.bestseller-2020.ru/images/slider__arrows.html]
[monroe-formic.bestseller-2020.ru/images/check.html]
[monroe-formic.bestseller-2020.ru/images/quote2_icon.html]
[monroe-formic.bestseller-2020.ru/images/opinion2_bg.html]
[monroe-formic.bestseller-2020.ru/images/reviews2__arrows.html]
[monroe-formic.bestseller-2020.ru/images/reviews4_bg.html]
[monroe-formic.bestseller-2020.ru/images/reviews4__arrows.html]
[monroe-formic.bestseller-2020.ru/images/order_steps2__step1_bg.html]
[monroe-formic.bestseller-2020.ru/images/order_steps2__step2_bg.html]
[monroe-formic.bestseller-2020.ru/images/order_steps2__step3_bg.html]
[monroe-formic.bestseller-2020.ru/images/order_steps2__step4_bg.html]
