[binoculars-sale.bestsales2020.ru/index.html]
[backblue.gif]
[fade.gif]
[index.html]
[binoculars-sale.bestsales2020.ru/js/jquery-2.2.4.min.js]
[binoculars-sale.bestsales2020.ru/js/slick.min.js]
[binoculars-sale.bestsales2020.ru/js/blazy.min.js]
[binoculars-sale.bestsales2020.ru/js/slider/owlCarousel-2.2.1/owl.carousel.min.js]
[binoculars-sale.bestsales2020.ru/js/slider/fancybox-3/jquery.fancybox.min.js]
[binoculars-sale.bestsales2020.ru/index.html]
[bestsales2020.ru/static/js/lt_landing_valid_form.js]
[bestsales2020.ru/static/js/lt_landing_script.js]
[binoculars-sale.bestsales2020.ru/fonts/MuseoSans/subset-MuseoSansCyrl-900.html]
[binoculars-sale.bestsales2020.ru/images/logo_.png]
[binoculars-sale.bestsales2020.ru/fonts/MuseoSans/subset-MuseoSansCyrl-901.html]
[binoculars-sale.bestsales2020.ru/fonts/MuseoSans/subset-MuseoSansCyrl-902.html]
[binoculars-sale.bestsales2020.ru/fonts/MuseoSans/MuseoSans.css]
[binoculars-sale.bestsales2020.ru/images/BTN_arrow_next.png]
[binoculars-sale.bestsales2020.ru/js/slider/owl.video.play.html]
[binoculars-sale.bestsales2020.ru/js/slider/owlCarousel-2.2.1/owl.carousel.min.css]
[binoculars-sale.bestsales2020.ru/js/slider/fancybox-3/jquery.fancybox.min.css]
[binoculars-sale.bestsales2020.ru/img/catalog/1_2.jpg]
[binoculars-sale.bestsales2020.ru/img/catalog/1.jpg]
[binoculars-sale.bestsales2020.ru/img/ajax-loader.gif]
[binoculars-sale.bestsales2020.ru/img/catalog/1_3.jpg]
[binoculars-sale.bestsales2020.ru/images/x_icon.63.delayed]
[binoculars-sale.bestsales2020.ru/images/mobile__gallery_bg.html]
[binoculars-sale.bestsales2020.ru/css/styles.css]
[binoculars-sale.bestsales2020.ru/css/slick.css]
[binoculars-sale.bestsales2020.ru/img/catalog/2.jpg]
[binoculars-sale.bestsales2020.ru/img/catalog/2_2.jpg]
[binoculars-sale.bestsales2020.ru/img/catalog/2_3.jpg]
[binoculars-sale.bestsales2020.ru/img/catalog/3.jpg]
[binoculars-sale.bestsales2020.ru/img/catalog/3_2.jpg]
[binoculars-sale.bestsales2020.ru/img/catalog/3_3.jpg]
[binoculars-sale.bestsales2020.ru/img/catalog/4.jpg]
[binoculars-sale.bestsales2020.ru/img/catalog/4_2.jpg]
[binoculars-sale.bestsales2020.ru/img/catalog/4_3.jpg]
[binoculars-sale.bestsales2020.ru/img/catalog/5.jpg]
[binoculars-sale.bestsales2020.ru/img/catalog/5_2.jpg]
[binoculars-sale.bestsales2020.ru/img/catalog/5_3.jpg]
[binoculars-sale.bestsales2020.ru/img/catalog/6.jpg]
[binoculars-sale.bestsales2020.ru/img/catalog/6_2.jpg]
[binoculars-sale.bestsales2020.ru/img/catalog/6_3.jpg]
[binoculars-sale.bestsales2020.ru/img/catalog/7.jpg]
[binoculars-sale.bestsales2020.ru/img/catalog/7_2.jpg]
[binoculars-sale.bestsales2020.ru/img/catalog/7_3.jpg]
[binoculars-sale.bestsales2020.ru/img/catalog/8.jpg]
[binoculars-sale.bestsales2020.ru/img/catalog/8_2.jpg]
[binoculars-sale.bestsales2020.ru/img/catalog/8_3.jpg]
[binoculars-sale.bestsales2020.ru/img/catalog/9.jpg]
[binoculars-sale.bestsales2020.ru/img/catalog/9_2.jpg]
[binoculars-sale.bestsales2020.ru/img/catalog/9_3.jpg]
[binoculars-sale.bestsales2020.ru/img/catalog/10.jpg]
[binoculars-sale.bestsales2020.ru/img/catalog/10_2.jpg]
[binoculars-sale.bestsales2020.ru/img/catalog/10_3.jpg]
[binoculars-sale.bestsales2020.ru/img/catalog/11.jpg]
[binoculars-sale.bestsales2020.ru/img/catalog/11_2.jpg]
[binoculars-sale.bestsales2020.ru/img/catalog/11_3.jpg]
[binoculars-sale.bestsales2020.ru/img/catalog/12.jpg]
[binoculars-sale.bestsales2020.ru/img/catalog/12_2.jpg]
[binoculars-sale.bestsales2020.ru/img/catalog/12_3.jpg]
[binoculars-sale.bestsales2020.ru/img/catalog/13.jpg]
[binoculars-sale.bestsales2020.ru/img/catalog/13_2.jpg]
[binoculars-sale.bestsales2020.ru/img/catalog/13_3.jpg]
[binoculars-sale.bestsales2020.ru/img/catalog/14.jpg]
[binoculars-sale.bestsales2020.ru/img/catalog/14_2.jpg]
[binoculars-sale.bestsales2020.ru/img/catalog/14_3.jpg]
[binoculars-sale.bestsales2020.ru/img/catalog/15.jpg]
[binoculars-sale.bestsales2020.ru/img/catalog/15_2.jpg]
[binoculars-sale.bestsales2020.ru/img/catalog/15_3.jpg]
[binoculars-sale.bestsales2020.ru/img/catalog/16.jpg]
[binoculars-sale.bestsales2020.ru/img/catalog/16_2.jpg]
[binoculars-sale.bestsales2020.ru/img/catalog/16_3.jpg]
[binoculars-sale.bestsales2020.ru/img/catalog/17.jpg]
[binoculars-sale.bestsales2020.ru/img/catalog/17_2.jpg]
[binoculars-sale.bestsales2020.ru/img/catalog/17_3.jpg]
[binoculars-sale.bestsales2020.ru/img/catalog/18.jpg]
[binoculars-sale.bestsales2020.ru/img/catalog/18_2.jpg]
[binoculars-sale.bestsales2020.ru/img/catalog/18_3.jpg]
[binoculars-sale.bestsales2020.ru/img/catalog/19.jpg]
[binoculars-sale.bestsales2020.ru/img/catalog/19_2.jpg]
[binoculars-sale.bestsales2020.ru/img/catalog/20.jpg]
[binoculars-sale.bestsales2020.ru/img/catalog/19_3.jpg]
[binoculars-sale.bestsales2020.ru/img/catalog/20_2.jpg]
[binoculars-sale.bestsales2020.ru/img/catalog/20_3.jpg]
[binoculars-sale.bestsales2020.ru/images/ava1.jpg]
[binoculars-sale.bestsales2020.ru/images/order_img.jpg]
[binoculars-sale.bestsales2020.ru/images/ava2.jpg]
[binoculars-sale.bestsales2020.ru/images/ava3.jpg]
[binoculars-sale.bestsales2020.ru/images/ava4.jpg]
[binoculars-sale.bestsales2020.ru/politika.html]
[binoculars-sale.bestsales2020.ru/js/scripts.js]
[binoculars-sale.bestsales2020.ru/fonts/MuseoSans/subset-MuseoSansCyrl-300.woff2]
[binoculars-sale.bestsales2020.ru/agreement.html]
[binoculars-sale.bestsales2020.ru/fonts/MuseoSans/subset-MuseoSansCyrl-300.woff]
[binoculars-sale.bestsales2020.ru/images/close.svg]
[binoculars-sale.bestsales2020.ru/fonts/MuseoSans/subset-MuseoSansCyrl-500.woff2]
[binoculars-sale.bestsales2020.ru/fonts/MuseoSans/subset-MuseoSansCyrl-300.html]
[binoculars-sale.bestsales2020.ru/fonts/MuseoSans/subset-MuseoSansCyrl-500.woff]
[binoculars-sale.bestsales2020.ru/fonts/MuseoSans/subset-MuseoSansCyrl-700.woff2]
[binoculars-sale.bestsales2020.ru/fonts/MuseoSans/subset-MuseoSansCyrl-500.html]
[binoculars-sale.bestsales2020.ru/fonts/MuseoSans/subset-MuseoSansCyrl-700.woff]
[binoculars-sale.bestsales2020.ru/images/slider__arrows.png]
[binoculars-sale.bestsales2020.ru/images/desctop__header_bg.jpg]
[binoculars-sale.bestsales2020.ru/fonts/MuseoSans/subset-MuseoSansCyrl-700.html]
[binoculars-sale.bestsales2020.ru/images/check.png]
[binoculars-sale.bestsales2020.ru/images/benef_icon.png]
[binoculars-sale.bestsales2020.ru/fonts/MuseoSans/subset-MuseoSansCyrl-900.html]
[binoculars-sale.bestsales2020.ru/images/order_bg.jpg]
[binoculars-sale.bestsales2020.ru/fonts/MuseoSans/subset-MuseoSansCyrl-901.html]
[binoculars-sale.bestsales2020.ru/fonts/MuseoSans/subset-MuseoSansCyrl-902.html]
[binoculars-sale.bestsales2020.ru/js/slider/owl.video.play.html]
[binoculars-sale.bestsales2020.ru/images/x_icon.html]
[binoculars-sale.bestsales2020.ru/images/order_info_icon.png]
[binoculars-sale.bestsales2020.ru/images/tablet__header_bg1.jpg]
[binoculars-sale.bestsales2020.ru/images/mobile__header_bg.jpg]
[binoculars-sale.bestsales2020.ru/images/mobile__gallery_bg.html]
